
> salhakar@0.1.0 build
> react-scripts build

node.exe : [baseline-browser-mapping] The data in this module is over two 
months old.  To ensure accurate Baseline data, please update: `npm i 
baseline-browser-mapping@latest -D`
At C:\Program Files\nodejs\npm.ps1:29 char:3
+   & $NODE_EXE $NPM_CLI_JS $args
+   ~~~~~~~~~~~~~~~~~~~~~~~~~~~~~
    + CategoryInfo          : NotSpecified: ([baseline-brows...ping@latest -D` 
   :String) [], RemoteException
    + FullyQualifiedErrorId : NativeCommandError
 
Creating an optimized production build...
[baseline-browser-mapping] The data in this module is over two months old.  To 
ensure accurate Baseline data, please update: `npm i 
baseline-browser-mapping@latest -D`
Compiled with warnings.

[eslint] 
src\components\GoogleTranslate.jsx
  Line 109:6:  React Hook useCallback has a missing dependency: 'createTranslatedPdfUrl'. Either include it or remove the dependency array  react-hooks/exhaustive-deps
  Line 277:6:  React Hook useEffect has a missing dependency: 'getCurrentLanguage'. Either include it or remove the dependency array        react-hooks/exhaustive-deps
  Line 284:6:  React Hook useEffect has a missing dependency: 'getCurrentLanguage'. Either include it or remove the dependency array        react-hooks/exhaustive-deps

src\components\LanguageSelector.jsx
  Line 28:9:  The 'languages' array makes the dependencies of useEffect Hook (at line 84) change on every render. To fix this, wrap the initialization of 'languages' in its own useMemo() Hook  react-hooks/exhaustive-deps

src\components\dashboard\Bookmarks.jsx
  Line 110:27:  'setAdvancedFilters' is assigned a value but never used  no-unused-vars

src\components\landing\Stats.jsx
  Line 6:9:  The 'stats' array makes the dependencies of useEffect Hook (at line 104) change on every render. To fix this, wrap the initialization of 'stats' in its own useMemo() Hook  react-hooks/exhaustive-deps

src\contexts\AuthContext.jsx
  Line 41:7:   'checkTokenValidity' was used before it was defined  no-use-before-define
  Line 41:27:  'clearAllAuthData' was used before it was defined    no-use-before-define
  Line 74:25:  'refreshTokens' was used before it was defined       no-use-before-define

src\pages\ActDetails.jsx
  Line 98:9:  The 'translateText' function makes the dependencies of useEffect Hook (at line 213) change on every render. To fix this, wrap the definition of 'translateText' in its own useCallback() Hook  react-hooks/exhaustive-deps

src\pages\BrowseActs.jsx
  Line 2:10:  'useNavigate' is defined but never used  no-unused-vars

src\pages\DocumentEditor.jsx
  Line 43:10:  'originalContent' is assigned a value but never used  no-unused-vars

src\pages\LawLibrary.jsx
  Line 1:61:    'useMemo' is defined but never used                   no-unused-vars
  Line 61:13:   'isAuthenticated' is assigned a value but never used  no-unused-vars
  Line 81:12:   'searchQuery' is assigned a value but never used      no-unused-vars
  Line 142:12:  'totalCount' is assigned a value but never used       no-unused-vars

src\pages\LawMapping.jsx
  Line 8:3:     'EnhancedJudgmentSkeleton' is defined but never used  no-unused-vars
  Line 11:3:    'SmoothTransitionWrapper' is defined but never used   no-unused-vars
  Line 129:10:  'totalCount' is assigned a value but never used       no-unused-vars

src\pages\LegalChatbot.jsx
  Line 2:10:  'useNavigate' is defined but never used   no-unused-vars
  Line 7:20:  'ChevronRight' is defined but never used  no-unused-vars

src\pages\LegalJudgments.jsx
  Line 1:59:    'useMemo' is defined but never used                   no-unused-vars
  Line 9:3:     'EnhancedJudgmentSkeleton' is defined but never used  no-unused-vars
  Line 11:3:    'SmoothTransitionWrapper' is defined but never used   no-unused-vars
  Line 199:10:  'totalCount' is assigned a value but never used       no-unused-vars

src\pages\MappingDetails.jsx
  Line 8:30:   'X' is defined but never used                  no-unused-vars
  Line 42:10:  'isMobile' is assigned a value but never used  no-unused-vars

src\pages\PricingPage.jsx
  Line 522:25:  'isCustom' is assigned a value but never used  no-unused-vars

src\pages\Profile.jsx
  Line 27:10:  'otpSent' is assigned a value but never used      no-unused-vars
  Line 29:10:  'expectedOtp' is assigned a value but never used  no-unused-vars

src\pages\Signup.jsx
  Line 63:10:   'isAnimating' is assigned a value but never used  no-unused-vars
  Line 118:13:  'data' is assigned a value but never used         no-unused-vars

src\pages\Support.jsx
  Line 2:10:  'useNavigate' is defined but never used  no-unused-vars

src\pages\ViewPDF.jsx
  Line 34:23:  'setCurrentPage' is assigned a value but never used  no-unused-vars
  Line 35:10:  'totalPages' is assigned a value but never used      no-unused-vars
  Line 59:10:  'loadingNotes' is assigned a value but never used    no-unused-vars

src\pages\YoutubeVideoSummary.jsx
  Line 8:9:     'navigate' is assigned a value but never used  no-unused-vars
  Line 485:54:  Unnecessary escape character: \*               no-useless-escape

Search for the keywords to learn more about each warning.
To ignore, add // eslint-disable-next-line to the line before.

File sizes after gzip:

  1.17 MB (+3 B)  build\static\js\main.763e7e4b.js
  722.62 kB       build\static\js\293.7801711e.chunk.js
  49 kB           build\static\js\946.01a47325.chunk.js
  43.26 kB        build\static\js\455.919ae442.chunk.js
  36.03 kB        build\static\css\main.f80dac8d.css
  28.4 kB         build\static\js\160.a5343675.chunk.js
  23.13 kB        build\static\js\23.bbd1afff.chunk.js
  22.63 kB        build\static\js\917.159d8f8d.chunk.js
  19.3 kB         build\static\js\516.e7bddbf7.chunk.js
  10.81 kB        build\static\js\208.27b583d3.chunk.js
  8.68 kB         build\static\js\977.5c47f1f0.chunk.js
  7.98 kB         build\static\js\519.82eb6b5e.chunk.js

The bundle size is significantly larger than recommended.
Consider reducing it with code splitting: https://goo.gl/9VhYWB
You can also analyze the project dependencies: https://goo.gl/LeUzfb

The project was built assuming it is hosted at /.
You can control this with the homepage field in your package.json.

The build folder is ready to be deployed.
You may serve it with a static server:

  serve -s build

Find out more about deployment here:

  https://cra.link/deployment

